Here are the tickets you are receiving:
N 40 $100
N 41 $100
N 42 $100
N 43 $100
N 44 $100
N 45 $100
N 46 $100
N 47 $100
N 48 $100
N 49 $100
N 50 $100
N 51 $100
N 52 $100
N 53 $100
N 54 $100
N 55 $100
N 56 $100
N 57 $100
N 58 $100
N 59 $100
O 40 $100
O 41 $100
O 42 $100
O 43 $100
O 44 $100
O 45 $100
O 46 $100
O 47 $100
O 48 $100
O 49 $100
O 50 $100
O 51 $100
O 52 $100
O 53 $100
O 54 $100
O 55 $100
O 56 $100
O 57 $100
O 58 $100
O 59 $100
P 40 $100
P 41 $100
P 42 $100
P 43 $100
P 44 $100
P 45 $100
P 46 $100
P 47 $100
P 48 $100
P 49 $100
P 50 $100
P 51 $100
P 52 $100
P 53 $100
P 54 $100
P 55 $100
P 56 $100
P 57 $100
P 58 $100
P 59 $100
Q 40 $100
Q 41 $100
Q 42 $100
Q 43 $100
Q 44 $100
Q 45 $100
Q 46 $100
Q 47 $100
Q 48 $100
Q 49 $100
Q 50 $100
Q 51 $100
Q 52 $100
Q 53 $100
Q 54 $100
Q 55 $100
Q 56 $100
Q 57 $100
Q 58 $100
Q 59 $100
R 40 $100
R 41 $100
R 42 $100
R 43 $100
R 44 $100
R 45 $100
R 46 $100
R 47 $100
R 48 $100
R 49 $100
R 50 $100
R 51 $100
R 52 $100
R 53 $100
R 54 $100
R 55 $100
R 56 $100
R 57 $100
R 58 $100
R 59 $100
S 40 $100
S 41 $100
S 42 $100
S 43 $100
S 44 $100
S 45 $100
S 46 $100
S 47 $100
S 48 $100
S 49 $100
S 50 $100
S 51 $100
S 52 $100
S 53 $100
S 54 $100
S 55 $100
S 56 $100
S 57 $100
S 58 $100
S 59 $100
T 40 $100
T 41 $100
T 42 $100
T 43 $100
T 44 $100
T 45 $100
T 46 $100
T 47 $100
T 48 $100
T 49 $100
T 50 $100
T 51 $100
T 52 $100
T 53 $100
T 54 $100
T 55 $100
T 56 $100
T 57 $100
T 58 $100
T 59 $100
U 40 $100
U 41 $100
U 42 $100
U 43 $100
U 44 $100
U 45 $100
U 46 $100
U 47 $100
U 48 $100
U 49 $100
U 50 $100
U 51 $100
U 52 $100
U 53 $100
U 54 $100
U 55 $100
U 56 $100
U 57 $100
U 58 $100
U 59 $100
V 40 $100
V 41 $100
V 42 $100
V 43 $100
V 44 $100
V 45 $100
V 46 $100
V 47 $100
V 48 $100
V 49 $100
V 50 $100
V 51 $100
V 52 $100
V 53 $100
V 54 $100
V 55 $100
V 56 $100
V 57 $100
V 58 $100
V 59 $100
W 40 $100
W 41 $100
W 42 $100
W 43 $100
W 44 $100
W 45 $100
W 46 $100
W 47 $100
W 48 $100
W 49 $100
W 50 $100
W 51 $100
W 52 $100
W 53 $100
W 54 $100
W 55 $100
W 56 $100
W 57 $100
W 58 $100
W 59 $100
X 40 $100
X 41 $100
X 42 $100
X 43 $100
X 44 $100
X 45 $100
X 46 $100
X 47 $100
X 48 $100
X 49 $100
X 50 $100
X 51 $100
X 52 $100
X 53 $100
X 54 $100
X 55 $100
X 56 $100
X 57 $100
X 58 $100
X 59 $100
Y 40 $100
Y 41 $100
Y 42 $100
Y 43 $100
Y 44 $100
Y 45 $100
Y 46 $100
Y 47 $100
Y 48 $100
Y 49 $100
Y 50 $100
Y 51 $100
Y 52 $100
Y 53 $100
Y 54 $100
Y 55 $100
Y 56 $100
Y 57 $100
Y 58 $100
Y 59 $100
Z 40 $100
Z 41 $100
Z 42 $100
Z 43 $100
Z 44 $100
Z 45 $100
Z 46 $100
Z 47 $100
Z 48 $100
Z 49 $100
Z 50 $100
Z 51 $100
Z 52 $100
Z 53 $100
Z 54 $100
Z 55 $100
Z 56 $100
Z 57 $100
Z 58 $100
Z 59 $100

Here are the tickets you are receiving:
N 20 $150
N 21 $150
N 22 $150
N 23 $150

Here are the tickets you are receiving:
N 0 $100
N 1 $100
N 2 $100
N 3 $100
N 4 $100
N 5 $100
N 6 $100
N 7 $100
N 8 $100
N 9 $100
N 10 $100
N 11 $100
N 12 $100
N 13 $100
N 14 $100
N 15 $100
N 16 $100
N 17 $100
N 18 $100
N 19 $100
O 0 $100
O 1 $100
O 2 $100
O 3 $100
O 4 $100
O 5 $100
O 6 $100
O 7 $100
O 8 $100
O 9 $100
O 10 $100
O 11 $100
O 12 $100
O 13 $100
O 14 $100
O 15 $100
O 16 $100
O 17 $100
O 18 $100
O 19 $100
P 0 $100
P 1 $100
P 2 $100
P 3 $100
P 4 $100
P 5 $100
P 6 $100
P 7 $100
P 8 $100
P 9 $100
P 10 $100
P 11 $100
P 12 $100
P 13 $100
P 14 $100
P 15 $100
P 16 $100
P 17 $100
P 18 $100
P 19 $100
Q 0 $100
Q 1 $100
Q 2 $100
Q 3 $100
Q 4 $100
Q 5 $100
Q 6 $100
Q 7 $100
Q 8 $100
Q 9 $100
Q 10 $100
Q 11 $100
Q 12 $100
Q 13 $100
Q 14 $100
Q 15 $100
Q 16 $100
Q 17 $100
Q 18 $100
Q 19 $100
R 0 $100
R 1 $100
R 2 $100
R 3 $100
R 4 $100
R 5 $100
R 6 $100
R 7 $100

Here are the tickets you are receiving:
A 40 $200
A 41 $200
A 42 $200
A 43 $200
A 44 $200
A 45 $200
A 46 $200
A 47 $200
A 48 $200
A 49 $200
A 50 $200
A 51 $200
A 52 $200
A 53 $200
A 54 $200
A 55 $200
A 56 $200
A 57 $200
A 58 $200
A 59 $200
B 40 $200
B 41 $200
B 42 $200
B 43 $200
B 44 $200
B 45 $200
B 46 $200
B 47 $200
B 48 $200
B 49 $200
B 50 $200
B 51 $200
B 52 $200
B 53 $200
B 54 $200
B 55 $200
B 56 $200
B 57 $200
B 58 $200
B 59 $200
C 40 $200
C 41 $200
C 42 $200
C 43 $200
C 44 $200
C 45 $200
C 46 $200
C 47 $200
C 48 $200
C 49 $200
C 50 $200
C 51 $200
C 52 $200
C 53 $200
C 54 $200
C 55 $200
C 56 $200
C 57 $200
C 58 $200
C 59 $200
D 40 $200
D 41 $200
D 42 $200
D 43 $200
D 44 $200
D 45 $200
D 46 $200
D 47 $200
D 48 $200
D 49 $200
D 50 $200
D 51 $200
D 52 $200
D 53 $200
D 54 $200
D 55 $200
D 56 $200
D 57 $200
D 58 $200
D 59 $200
E 40 $200
E 41 $200
E 42 $200
E 43 $200
E 44 $200
E 45 $200
E 46 $200
E 47 $200
E 48 $200
E 49 $200
E 50 $200
E 51 $200
E 52 $200
E 53 $200
E 54 $200
E 55 $200
E 56 $200
E 57 $200
E 58 $200
E 59 $200

Here is the current seating chart:

  01234567890123456789 01234567890123456789 01234567890123456789 
A OOOOOOOOOOOOOOOOOOOO OOOOOOOOOOOOOOOOOOOO XXXXXXXXXXXXXXXXXXXX 
B OOOOOOOOOOOOOOOOOOOO OOOOOOOOOOOOOOOOOOOO XXXXXXXXXXXXXXXXXXXX 
C OOOOOOOOOOOOOOOOOOOO OOOOOOOOOOOOOOOOOOOO XXXXXXXXXXXXXXXXXXXX 
D OOOOOOOOOOOOOOOOOOOO OOOOOOOOOOOOOOOOOOOO XXXXXXXXXXXXXXXXXXXX 
E OOOOOOOOOOOOOOOOOOOO OOOOOOOOOOOOOOOOOOOO XXXXXXXXXXXXXXXXXXXX 
F OOOOOOOOOOOOOOOOOOOO OOOOOOOOOOOOOOOOOOOO OOOOOOOOOOOOOOOOOOOO 
G OOOOOOOOOOOOOOOOOOOO OOOOOOOOOOOOOOOOOOOO OOOOOOOOOOOOOOOOOOOO 
H OOOOOOOOOOOOOOOOOOOO OOOOOOOOOOOOOOOOOOOO OOOOOOOOOOOOOOOOOOOO 
I OOOOOOOOOOOOOOOOOOOO OOOOOOOOOOOOOOOOOOOO OOOOOOOOOOOOOOOOOOOO 
J OOOOOOOOOOOOOOOOOOOO OOOOOOOOOOOOOOOOOOOO OOOOOOOOOOOOOOOOOOOO 
K OOOOOOOOOOOOOOOOOOOO OOOOOOOOOOOOOOOOOOOO OOOOOOOOOOOOOOOOOOOO 
L OOOOOOOOOOOOOOOOOOOO OOOOOOOOOOOOOOOOOOOO OOOOOOOOOOOOOOOOOOOO 
M OOOOOOOOOOOOOOOOOOOO OOOOOOOOOOOOOOOOOOOO OOOOOOOOOOOOOOOOOOOO 

N XXXXXXXXXXXXXXXXXXXX XXXXOOOOOOOOOOOOOOOO XXXXXXXXXXXXXXXXXXXX 
O XXXXXXXXXXXXXXXXXXXX OOOOOOOOOOOOOOOOOOOO XXXXXXXXXXXXXXXXXXXX 
P XXXXXXXXXXXXXXXXXXXX OOOOOOOOOOOOOOOOOOOO XXXXXXXXXXXXXXXXXXXX 
Q XXXXXXXXXXXXXXXXXXXX OOOOOOOOOOOOOOOOOOOO XXXXXXXXXXXXXXXXXXXX 
R XXXXXXXXOOOOOOOOOOOO OOOOOOOOOOOOOOOOOOOO XXXXXXXXXXXXXXXXXXXX 
S OOOOOOOOOOOOOOOOOOOO OOOOOOOOOOOOOOOOOOOO XXXXXXXXXXXXXXXXXXXX 
T OOOOOOOOOOOOOOOOOOOO OOOOOOOOOOOOOOOOOOOO XXXXXXXXXXXXXXXXXXXX 
U OOOOOOOOOOOOOOOOOOOO OOOOOOOOOOOOOOOOOOOO XXXXXXXXXXXXXXXXXXXX 
V OOOOOOOOOOOOOOOOOOOO OOOOOOOOOOOOOOOOOOOO XXXXXXXXXXXXXXXXXXXX 
W OOOOOOOOOOOOOOOOOOOO OOOOOOOOOOOOOOOOOOOO XXXXXXXXXXXXXXXXXXXX 
X OOOOOOOOOOOOOOOOOOOO OOOOOOOOOOOOOOOOOOOO XXXXXXXXXXXXXXXXXXXX 
Y OOOOOOOOOOOOOOOOOOOO OOOOOOOOOOOOOOOOOOOO XXXXXXXXXXXXXXXXXXXX 
Z OOOOOOOOOOOOOOOOOOOO OOOOOOOOOOOOOOOOOOOO XXXXXXXXXXXXXXXXXXXX 

Total tickets sold = 452
Total revenue = $55400

Here are the tickets you are receiving:
A 20 $300
A 21 $300
A 22 $300
A 23 $300
A 24 $300
A 25 $300
A 26 $300
A 27 $300
A 28 $300
A 29 $300
A 30 $300
A 31 $300
A 32 $300
A 33 $300
A 34 $300
A 35 $300
A 36 $300
A 37 $300
A 38 $300
A 39 $300
B 20 $300
B 21 $300
B 22 $300
B 23 $300
B 24 $300
B 25 $300
B 26 $300
B 27 $300
B 28 $300
B 29 $300
B 30 $300
B 31 $300
B 32 $300
B 33 $300
B 34 $300
B 35 $300
B 36 $300
B 37 $300
B 38 $300
B 39 $300
C 20 $300
C 21 $300
C 22 $300
C 23 $300
C 24 $300
C 25 $300
C 26 $300
C 27 $300
C 28 $300
C 29 $300
C 30 $300
C 31 $300
C 32 $300
C 33 $300
C 34 $300
C 35 $300
C 36 $300
C 37 $300
C 38 $300
C 39 $300
D 20 $300
D 21 $300
D 22 $300
D 23 $300
D 24 $300
D 25 $300
D 26 $300

Here are the tickets you are receiving:
A 0 $200
A 1 $200
A 2 $200
A 3 $200
A 4 $200
A 5 $200
A 6 $200
A 7 $200
A 8 $200
A 9 $200
A 10 $200
A 11 $200
A 12 $200
A 13 $200
A 14 $200

Here is the current seating chart:

  01234567890123456789 01234567890123456789 01234567890123456789 
A XXXXXXXXXXXXXXXOOOOO XXXXXXXXXXXXXXXXXXXX XXXXXXXXXXXXXXXXXXXX 
B OOOOOOOOOOOOOOOOOOOO XXXXXXXXXXXXXXXXXXXX XXXXXXXXXXXXXXXXXXXX 
C OOOOOOOOOOOOOOOOOOOO XXXXXXXXXXXXXXXXXXXX XXXXXXXXXXXXXXXXXXXX 
D OOOOOOOOOOOOOOOOOOOO XXXXXXXOOOOOOOOOOOOO XXXXXXXXXXXXXXXXXXXX 
E OOOOOOOOOOOOOOOOOOOO OOOOOOOOOOOOOOOOOOOO XXXXXXXXXXXXXXXXXXXX 
F OOOOOOOOOOOOOOOOOOOO OOOOOOOOOOOOOOOOOOOO OOOOOOOOOOOOOOOOOOOO 
G OOOOOOOOOOOOOOOOOOOO OOOOOOOOOOOOOOOOOOOO OOOOOOOOOOOOOOOOOOOO 
H OOOOOOOOOOOOOOOOOOOO OOOOOOOOOOOOOOOOOOOO OOOOOOOOOOOOOOOOOOOO 
I OOOOOOOOOOOOOOOOOOOO OOOOOOOOOOOOOOOOOOOO OOOOOOOOOOOOOOOOOOOO 
J OOOOOOOOOOOOOOOOOOOO OOOOOOOOOOOOOOOOOOOO OOOOOOOOOOOOOOOOOOOO 
K OOOOOOOOOOOOOOOOOOOO OOOOOOOOOOOOOOOOOOOO OOOOOOOOOOOOOOOOOOOO 
L OOOOOOOOOOOOOOOOOOOO OOOOOOOOOOOOOOOOOOOO OOOOOOOOOOOOOOOOOOOO 
M OOOOOOOOOOOOOOOOOOOO OOOOOOOOOOOOOOOOOOOO OOOOOOOOOOOOOOOOOOOO 

N XXXXXXXXXXXXXXXXXXXX XXXXOOOOOOOOOOOOOOOO XXXXXXXXXXXXXXXXXXXX 
O XXXXXXXXXXXXXXXXXXXX OOOOOOOOOOOOOOOOOOOO XXXXXXXXXXXXXXXXXXXX 
P XXXXXXXXXXXXXXXXXXXX OOOOOOOOOOOOOOOOOOOO XXXXXXXXXXXXXXXXXXXX 
Q XXXXXXXXXXXXXXXXXXXX OOOOOOOOOOOOOOOOOOOO XXXXXXXXXXXXXXXXXXXX 
R XXXXXXXXOOOOOOOOOOOO OOOOOOOOOOOOOOOOOOOO XXXXXXXXXXXXXXXXXXXX 
S OOOOOOOOOOOOOOOOOOOO OOOOOOOOOOOOOOOOOOOO XXXXXXXXXXXXXXXXXXXX 
T OOOOOOOOOOOOOOOOOOOO OOOOOOOOOOOOOOOOOOOO XXXXXXXXXXXXXXXXXXXX 
U OOOOOOOOOOOOOOOOOOOO OOOOOOOOOOOOOOOOOOOO XXXXXXXXXXXXXXXXXXXX 
V OOOOOOOOOOOOOOOOOOOO OOOOOOOOOOOOOOOOOOOO XXXXXXXXXXXXXXXXXXXX 
W OOOOOOOOOOOOOOOOOOOO OOOOOOOOOOOOOOOOOOOO XXXXXXXXXXXXXXXXXXXX 
X OOOOOOOOOOOOOOOOOOOO OOOOOOOOOOOOOOOOOOOO XXXXXXXXXXXXXXXXXXXX 
Y OOOOOOOOOOOOOOOOOOOO OOOOOOOOOOOOOOOOOOOO XXXXXXXXXXXXXXXXXXXX 
Z OOOOOOOOOOOOOOOOOOOO OOOOOOOOOOOOOOOOOOOO XXXXXXXXXXXXXXXXXXXX 

Total tickets sold = 534
Total revenue = $78500

Sorry the transaction couldn't be made.
Not enough available seats.

Here are the tickets you are receiving:
F 40 $200
F 41 $200
F 42 $200
F 43 $200
F 44 $200
F 45 $200
F 46 $200
F 47 $200
F 48 $200
F 49 $200
F 50 $200
F 51 $200
F 52 $200
F 53 $200
F 54 $200
F 55 $200
F 56 $200
F 57 $200
F 58 $200
F 59 $200
G 40 $200
G 41 $200
G 42 $200
G 43 $200
G 44 $200
G 45 $200
G 46 $200
G 47 $200
G 48 $200
G 49 $200
G 50 $200
G 51 $200
G 52 $200
G 53 $200
G 54 $200
G 55 $200
G 56 $200
G 57 $200
G 58 $200
G 59 $200
H 40 $200
H 41 $200
H 42 $200
H 43 $200
H 44 $200
H 45 $200
H 46 $200
H 47 $200
H 48 $200
H 49 $200
H 50 $200
H 51 $200
H 52 $200
H 53 $200
H 54 $200
H 55 $200
H 56 $200
H 57 $200
H 58 $200
H 59 $200
I 40 $200
I 41 $200
I 42 $200
I 43 $200
I 44 $200
I 45 $200
I 46 $200
I 47 $200
I 48 $200
I 49 $200
I 50 $200
I 51 $200
I 52 $200
I 53 $200
I 54 $200
I 55 $200
I 56 $200
I 57 $200
I 58 $200
I 59 $200
J 40 $200
J 41 $200
J 42 $200
J 43 $200
J 44 $200
J 45 $200
J 46 $200
J 47 $200
J 48 $200
J 49 $200
J 50 $200
J 51 $200
J 52 $200
J 53 $200
J 54 $200
J 55 $200
J 56 $200
J 57 $200
J 58 $200
J 59 $200
K 40 $200
K 41 $200
K 42 $200
K 43 $200
K 44 $200
K 45 $200
K 46 $200
K 47 $200
K 48 $200
K 49 $200
K 50 $200
K 51 $200
K 52 $200
K 53 $200
K 54 $200
K 55 $200
K 56 $200
K 57 $200
K 58 $200
K 59 $200
L 40 $200
L 41 $200
L 42 $200
L 43 $200
L 44 $200
L 45 $200
L 46 $200
L 47 $200
L 48 $200
L 49 $200
L 50 $200
L 51 $200
L 52 $200
L 53 $200
L 54 $200
L 55 $200
L 56 $200
L 57 $200
L 58 $200
L 59 $200
M 40 $200
M 41 $200
M 42 $200
M 43 $200
M 44 $200
M 45 $200
M 46 $200
M 47 $200
M 48 $200
M 49 $200
M 50 $200
M 51 $200
M 52 $200
M 53 $200
M 54 $200

Thank you for using Ticketing System V2
Total tickets sold = 689
Total revenue = $109500
Here is the current seating chart:

  01234567890123456789 01234567890123456789 01234567890123456789 
A XXXXXXXXXXXXXXXOOOOO XXXXXXXXXXXXXXXXXXXX XXXXXXXXXXXXXXXXXXXX 
B OOOOOOOOOOOOOOOOOOOO XXXXXXXXXXXXXXXXXXXX XXXXXXXXXXXXXXXXXXXX 
C OOOOOOOOOOOOOOOOOOOO XXXXXXXXXXXXXXXXXXXX XXXXXXXXXXXXXXXXXXXX 
D OOOOOOOOOOOOOOOOOOOO XXXXXXXOOOOOOOOOOOOO XXXXXXXXXXXXXXXXXXXX 
E OOOOOOOOOOOOOOOOOOOO OOOOOOOOOOOOOOOOOOOO XXXXXXXXXXXXXXXXXXXX 
F OOOOOOOOOOOOOOOOOOOO OOOOOOOOOOOOOOOOOOOO XXXXXXXXXXXXXXXXXXXX 
G OOOOOOOOOOOOOOOOOOOO OOOOOOOOOOOOOOOOOOOO XXXXXXXXXXXXXXXXXXXX 
H OOOOOOOOOOOOOOOOOOOO OOOOOOOOOOOOOOOOOOOO XXXXXXXXXXXXXXXXXXXX 
I OOOOOOOOOOOOOOOOOOOO OOOOOOOOOOOOOOOOOOOO XXXXXXXXXXXXXXXXXXXX 
J OOOOOOOOOOOOOOOOOOOO OOOOOOOOOOOOOOOOOOOO XXXXXXXXXXXXXXXXXXXX 
K OOOOOOOOOOOOOOOOOOOO OOOOOOOOOOOOOOOOOOOO XXXXXXXXXXXXXXXXXXXX 
L OOOOOOOOOOOOOOOOOOOO OOOOOOOOOOOOOOOOOOOO XXXXXXXXXXXXXXXXXXXX 
M OOOOOOOOOOOOOOOOOOOO OOOOOOOOOOOOOOOOOOOO XXXXXXXXXXXXXXXOOOOO 

N XXXXXXXXXXXXXXXXXXXX XXXXOOOOOOOOOOOOOOOO XXXXXXXXXXXXXXXXXXXX 
O XXXXXXXXXXXXXXXXXXXX OOOOOOOOOOOOOOOOOOOO XXXXXXXXXXXXXXXXXXXX 
P XXXXXXXXXXXXXXXXXXXX OOOOOOOOOOOOOOOOOOOO XXXXXXXXXXXXXXXXXXXX 
Q XXXXXXXXXXXXXXXXXXXX OOOOOOOOOOOOOOOOOOOO XXXXXXXXXXXXXXXXXXXX 
R XXXXXXXXOOOOOOOOOOOO OOOOOOOOOOOOOOOOOOOO XXXXXXXXXXXXXXXXXXXX 
S OOOOOOOOOOOOOOOOOOOO OOOOOOOOOOOOOOOOOOOO XXXXXXXXXXXXXXXXXXXX 
T OOOOOOOOOOOOOOOOOOOO OOOOOOOOOOOOOOOOOOOO XXXXXXXXXXXXXXXXXXXX 
U OOOOOOOOOOOOOOOOOOOO OOOOOOOOOOOOOOOOOOOO XXXXXXXXXXXXXXXXXXXX 
V OOOOOOOOOOOOOOOOOOOO OOOOOOOOOOOOOOOOOOOO XXXXXXXXXXXXXXXXXXXX 
W OOOOOOOOOOOOOOOOOOOO OOOOOOOOOOOOOOOOOOOO XXXXXXXXXXXXXXXXXXXX 
X OOOOOOOOOOOOOOOOOOOO OOOOOOOOOOOOOOOOOOOO XXXXXXXXXXXXXXXXXXXX 
Y OOOOOOOOOOOOOOOOOOOO OOOOOOOOOOOOOOOOOOOO XXXXXXXXXXXXXXXXXXXX 
Z OOOOOOOOOOOOOOOOOOOO OOOOOOOOOOOOOOOOOOOO XXXXXXXXXXXXXXXXXXXX 
