Here are the tickets you are receiving:
A 0 $200
A 1 $200
A 2 $200
A 3 $200
A 4 $200
A 5 $200
A 6 $200
A 7 $200
A 8 $200
A 9 $200
A 10 $200
A 11 $200
A 12 $200
A 13 $200
A 14 $200
A 15 $200
A 16 $200
A 17 $200
A 18 $200
A 19 $200
B 0 $200
B 1 $200
B 2 $200
B 3 $200
B 4 $200
B 5 $200
B 6 $200
B 7 $200
B 8 $200
B 9 $200
B 10 $200
B 11 $200
B 12 $200
B 13 $200
B 14 $200
B 15 $200
B 16 $200

Here are the tickets you are receiving:
A 20 $300
A 21 $300
A 22 $300
A 23 $300
A 24 $300
A 25 $300
A 26 $300
A 27 $300
A 28 $300
A 29 $300
A 30 $300
A 31 $300
A 32 $300
A 33 $300
A 34 $300
A 35 $300
A 36 $300
A 37 $300
A 38 $300
A 39 $300
B 20 $300
B 21 $300
B 22 $300
B 23 $300
B 24 $300
B 25 $300
B 26 $300
B 27 $300
B 28 $300
B 29 $300
B 30 $300
B 31 $300
B 32 $300
B 33 $300
B 34 $300
B 35 $300
B 36 $300
B 37 $300
B 38 $300
B 39 $300
C 20 $300
C 21 $300
C 22 $300
C 23 $300
C 24 $300
C 25 $300
C 26 $300
C 27 $300
C 28 $300
C 29 $300
C 30 $300
C 31 $300
C 32 $300
C 33 $300
C 34 $300
C 35 $300
C 36 $300
C 37 $300
C 38 $300
C 39 $300
D 20 $300
D 21 $300
D 22 $300
D 23 $300
D 24 $300
D 25 $300
D 26 $300
D 27 $300
D 28 $300
D 29 $300
D 30 $300
D 31 $300
D 32 $300
D 33 $300
D 34 $300
D 35 $300
D 36 $300
D 37 $300
D 38 $300
D 39 $300
E 20 $300
E 21 $300
E 22 $300
E 23 $300
E 24 $300
E 25 $300
E 26 $300
E 27 $300
E 28 $300
E 29 $300
E 30 $300
E 31 $300
E 32 $300
E 33 $300
E 34 $300
E 35 $300
E 36 $300
E 37 $300
E 38 $300
E 39 $300
F 20 $300
F 21 $300
F 22 $300
F 23 $300
F 24 $300
F 25 $300
F 26 $300
F 27 $300
F 28 $300
F 29 $300
F 30 $300
F 31 $300
F 32 $300
F 33 $300
F 34 $300
F 35 $300
F 36 $300
F 37 $300
F 38 $300
F 39 $300
G 20 $300
G 21 $300
G 22 $300
G 23 $300
G 24 $300
G 25 $300
G 26 $300
G 27 $300
G 28 $300
G 29 $300
G 30 $300
G 31 $300
G 32 $300
G 33 $300
G 34 $300
G 35 $300
G 36 $300
G 37 $300
G 38 $300
G 39 $300
H 20 $300
H 21 $300
H 22 $300
H 23 $300
H 24 $300
H 25 $300
H 26 $300
H 27 $300
H 28 $300
H 29 $300
H 30 $300
H 31 $300
H 32 $300
H 33 $300
H 34 $300
H 35 $300
H 36 $300
H 37 $300
H 38 $300
H 39 $300
I 20 $300
I 21 $300
I 22 $300
I 23 $300
I 24 $300
I 25 $300
I 26 $300
I 27 $300
I 28 $300
I 29 $300
I 30 $300
I 31 $300
I 32 $300
I 33 $300
I 34 $300
I 35 $300
I 36 $300
I 37 $300
I 38 $300
I 39 $300
J 20 $300
J 21 $300
J 22 $300
J 23 $300
J 24 $300
J 25 $300
J 26 $300
J 27 $300
J 28 $300
J 29 $300
J 30 $300
J 31 $300
J 32 $300
J 33 $300
J 34 $300
J 35 $300
J 36 $300
J 37 $300
J 38 $300
J 39 $300
K 20 $300
K 21 $300
K 22 $300
K 23 $300
K 24 $300
K 25 $300
K 26 $300
K 27 $300
K 28 $300
K 29 $300
K 30 $300
K 31 $300
K 32 $300
K 33 $300
K 34 $300
K 35 $300
K 36 $300
K 37 $300
K 38 $300
K 39 $300
L 20 $300
L 21 $300
L 22 $300
L 23 $300
L 24 $300
L 25 $300
L 26 $300
L 27 $300
L 28 $300
L 29 $300
L 30 $300
L 31 $300
L 32 $300
L 33 $300
L 34 $300
L 35 $300
L 36 $300
L 37 $300
L 38 $300
L 39 $300
M 20 $300
M 21 $300
M 22 $300
M 23 $300
M 24 $300
M 25 $300
M 26 $300
M 27 $300
M 28 $300
M 29 $300
M 30 $300
M 31 $300
M 32 $300
M 33 $300
M 34 $300
M 35 $300
M 36 $300
M 37 $300
M 38 $300
M 39 $300

Here are the tickets you are receiving:
A 40 $500
A 41 $500
A 42 $500
A 43 $500
A 44 $500
A 45 $500
A 46 $500
A 47 $500
A 48 $500
A 49 $500
A 50 $500
A 51 $500
A 52 $500
A 53 $500
A 54 $500

Here are the tickets you are receiving:
A 60 $350
A 61 $350
A 62 $350
A 63 $350

Here are the tickets you are receiving:
A 80 $250
A 81 $250
A 82 $250
A 83 $250
A 84 $250
A 85 $250
A 86 $250
A 87 $250

Here are the tickets you are receiving:
N 0 $100
N 1 $100
N 2 $100
N 3 $100
N 4 $100
N 5 $100
N 6 $100
N 7 $100
N 8 $100
N 9 $100
N 10 $100
N 11 $100

Here are the tickets you are receiving:
N 20 $200
N 21 $200
N 22 $200
N 23 $200
N 24 $200
N 25 $200
N 26 $200
N 27 $200
N 28 $200
N 29 $200
N 30 $200
N 31 $200
N 32 $200
N 33 $200
N 34 $200
N 35 $200
N 36 $200
N 37 $200
N 38 $200
N 39 $200
O 20 $200
O 21 $200
O 22 $200
O 23 $200
O 24 $200
O 25 $200
O 26 $200
O 27 $200
O 28 $200
O 29 $200
O 30 $200
O 31 $200
O 32 $200
O 33 $200
O 34 $200
O 35 $200
O 36 $200
O 37 $200
O 38 $200
O 39 $200
P 20 $200
P 21 $200
P 22 $200
P 23 $200
P 24 $200
P 25 $200
P 26 $200
P 27 $200
P 28 $200
P 29 $200
P 30 $200
P 31 $200
P 32 $200
P 33 $200
P 34 $200
P 35 $200
P 36 $200
P 37 $200
P 38 $200
P 39 $200
Q 20 $200
Q 21 $200
Q 22 $200
Q 23 $200
Q 24 $200
Q 25 $200
Q 26 $200
Q 27 $200
Q 28 $200
Q 29 $200
Q 30 $200
Q 31 $200
Q 32 $200
Q 33 $200
Q 34 $200
Q 35 $200
Q 36 $200
Q 37 $200
Q 38 $200
Q 39 $200
R 20 $200
R 21 $200
R 22 $200
R 23 $200
R 24 $200
R 25 $200
R 26 $200
R 27 $200
R 28 $200
R 29 $200
R 30 $200
R 31 $200
R 32 $200
R 33 $200
R 34 $200
R 35 $200
R 36 $200
R 37 $200
R 38 $200
R 39 $200
S 20 $200
S 21 $200
S 22 $200
S 23 $200
S 24 $200
S 25 $200
S 26 $200
S 27 $200

Here are the tickets you are receiving:
N 40 $250
N 41 $250
N 42 $250
N 43 $250
N 44 $250
N 45 $250
N 46 $250
N 47 $250
N 48 $250
N 49 $250
N 50 $250
N 51 $250
N 52 $250
N 53 $250
N 54 $250
N 55 $250
N 56 $250
N 57 $250
N 58 $250
N 59 $250
O 40 $250
O 41 $250
O 42 $250
O 43 $250
O 44 $250
O 45 $250
O 46 $250
O 47 $250
O 48 $250
O 49 $250
O 50 $250
O 51 $250
O 52 $250
O 53 $250
O 54 $250
O 55 $250
O 56 $250
O 57 $250
O 58 $250
O 59 $250
P 40 $250
P 41 $250
P 42 $250
P 43 $250
P 44 $250
P 45 $250
P 46 $250
P 47 $250
P 48 $250
P 49 $250
P 50 $250
P 51 $250
P 52 $250
P 53 $250
P 54 $250
P 55 $250
P 56 $250
P 57 $250
P 58 $250
P 59 $250
Q 40 $250
Q 41 $250
Q 42 $250
Q 43 $250
Q 44 $250
Q 45 $250
Q 46 $250
Q 47 $250
Q 48 $250
Q 49 $250
Q 50 $250
Q 51 $250
Q 52 $250
Q 53 $250
Q 54 $250
Q 55 $250
Q 56 $250
Q 57 $250
Q 58 $250
Q 59 $250
R 40 $250
R 41 $250
R 42 $250
R 43 $250
R 44 $250
R 45 $250
R 46 $250
R 47 $250
R 48 $250
R 49 $250
R 50 $250
R 51 $250
R 52 $250
R 53 $250
R 54 $250
R 55 $250
R 56 $250
R 57 $250
R 58 $250
R 59 $250
S 40 $250
S 41 $250
S 42 $250
S 43 $250
S 44 $250
S 45 $250
S 46 $250
S 47 $250
S 48 $250
S 49 $250
S 50 $250
S 51 $250
S 52 $250
S 53 $250
S 54 $250
S 55 $250
S 56 $250
S 57 $250
S 58 $250
S 59 $250
T 40 $250
T 41 $250
T 42 $250
T 43 $250
T 44 $250
T 45 $250
T 46 $250
T 47 $250
T 48 $250
T 49 $250
T 50 $250
T 51 $250
T 52 $250
T 53 $250
T 54 $250
T 55 $250
T 56 $250
T 57 $250
T 58 $250
T 59 $250
U 40 $250
U 41 $250
U 42 $250
U 43 $250
U 44 $250
U 45 $250
U 46 $250
U 47 $250
U 48 $250
U 49 $250
U 50 $250
U 51 $250
U 52 $250
U 53 $250
U 54 $250
U 55 $250
U 56 $250
U 57 $250
U 58 $250
U 59 $250
V 40 $250
V 41 $250
V 42 $250
V 43 $250
V 44 $250
V 45 $250
V 46 $250
V 47 $250
V 48 $250
V 49 $250
V 50 $250
V 51 $250
V 52 $250
V 53 $250
V 54 $250
V 55 $250
V 56 $250
V 57 $250
V 58 $250
V 59 $250
W 40 $250
W 41 $250
W 42 $250
W 43 $250
W 44 $250
W 45 $250
W 46 $250
W 47 $250
W 48 $250
W 49 $250
W 50 $250
W 51 $250
W 52 $250
W 53 $250
W 54 $250
W 55 $250
W 56 $250
W 57 $250
W 58 $250
W 59 $250
X 40 $250
X 41 $250
X 42 $250
X 43 $250
X 44 $250
X 45 $250
X 46 $250
X 47 $250
X 48 $250
X 49 $250

Here are the tickets you are receiving:
N 60 $150
N 61 $150
N 62 $150
N 63 $150
N 64 $150
N 65 $150
N 66 $150
N 67 $150
N 68 $150
N 69 $150
N 70 $150
N 71 $150
N 72 $150
N 73 $150
N 74 $150
N 75 $150
N 76 $150
N 77 $150
N 78 $150
N 79 $150
O 60 $150
O 61 $150
O 62 $150
O 63 $150
O 64 $150
O 65 $150
O 66 $150
O 67 $150

Here are the tickets you are receiving:
N 80 $100
N 81 $100
N 82 $100
N 83 $100
N 84 $100
N 85 $100
N 86 $100
N 87 $100
N 88 $100
N 89 $100
N 90 $100
N 91 $100
N 92 $100
N 93 $100
N 94 $100
N 95 $100
N 96 $100
N 97 $100
N 98 $100
N 99 $100
O 80 $100
O 81 $100
O 82 $100
O 83 $100
O 84 $100
O 85 $100
O 86 $100
O 87 $100
O 88 $100
O 89 $100
O 90 $100
O 91 $100
O 92 $100
O 93 $100
O 94 $100
O 95 $100
O 96 $100
O 97 $100
O 98 $100
O 99 $100
P 80 $100
P 81 $100
P 82 $100
P 83 $100
P 84 $100
P 85 $100
P 86 $100

Here is the current seating chart:

  01234567890123456789 01234567890123456789 01234567890123456789 01234567890123456789 01234567890123456789 
A XXXXXXXXXXXXXXXXXXXX XXXXXXXXXXXXXXXXXXXX XXXXXXXXXXXXXXXOOOOO XXXXOOOOOOOOOOOOOOOO XXXXXXXXOOOOOOOOOOOO 
B XXXXXXXXXXXXXXXXXOOO XXXXXXXXXXXXXXXXXXXX OOOOOOOOOOOOOOOOOOOO OOOOOOOOOOOOOOOOOOOO OOOOOOOOOOOOOOOOOOOO 
C OOOOOOOOOOOOOOOOOOOO XXXXXXXXXXXXXXXXXXXX OOOOOOOOOOOOOOOOOOOO OOOOOOOOOOOOOOOOOOOO OOOOOOOOOOOOOOOOOOOO 
D OOOOOOOOOOOOOOOOOOOO XXXXXXXXXXXXXXXXXXXX OOOOOOOOOOOOOOOOOOOO OOOOOOOOOOOOOOOOOOOO OOOOOOOOOOOOOOOOOOOO 
E OOOOOOOOOOOOOOOOOOOO XXXXXXXXXXXXXXXXXXXX OOOOOOOOOOOOOOOOOOOO OOOOOOOOOOOOOOOOOOOO OOOOOOOOOOOOOOOOOOOO 
F OOOOOOOOOOOOOOOOOOOO XXXXXXXXXXXXXXXXXXXX OOOOOOOOOOOOOOOOOOOO OOOOOOOOOOOOOOOOOOOO OOOOOOOOOOOOOOOOOOOO 
G OOOOOOOOOOOOOOOOOOOO XXXXXXXXXXXXXXXXXXXX OOOOOOOOOOOOOOOOOOOO OOOOOOOOOOOOOOOOOOOO OOOOOOOOOOOOOOOOOOOO 
H OOOOOOOOOOOOOOOOOOOO XXXXXXXXXXXXXXXXXXXX OOOOOOOOOOOOOOOOOOOO OOOOOOOOOOOOOOOOOOOO OOOOOOOOOOOOOOOOOOOO 
I OOOOOOOOOOOOOOOOOOOO XXXXXXXXXXXXXXXXXXXX OOOOOOOOOOOOOOOOOOOO OOOOOOOOOOOOOOOOOOOO OOOOOOOOOOOOOOOOOOOO 
J OOOOOOOOOOOOOOOOOOOO XXXXXXXXXXXXXXXXXXXX OOOOOOOOOOOOOOOOOOOO OOOOOOOOOOOOOOOOOOOO OOOOOOOOOOOOOOOOOOOO 
K OOOOOOOOOOOOOOOOOOOO XXXXXXXXXXXXXXXXXXXX OOOOOOOOOOOOOOOOOOOO OOOOOOOOOOOOOOOOOOOO OOOOOOOOOOOOOOOOOOOO 
L OOOOOOOOOOOOOOOOOOOO XXXXXXXXXXXXXXXXXXXX OOOOOOOOOOOOOOOOOOOO OOOOOOOOOOOOOOOOOOOO OOOOOOOOOOOOOOOOOOOO 
M OOOOOOOOOOOOOOOOOOOO XXXXXXXXXXXXXXXXXXXX OOOOOOOOOOOOOOOOOOOO OOOOOOOOOOOOOOOOOOOO OOOOOOOOOOOOOOOOOOOO 

N XXXXXXXXXXXXOOOOOOOO XXXXXXXXXXXXXXXXXXXX XXXXXXXXXXXXXXXXXXXX XXXXXXXXXXXXXXXXXXXX XXXXXXXXXXXXXXXXXXXX 
O OOOOOOOOOOOOOOOOOOOO XXXXXXXXXXXXXXXXXXXX XXXXXXXXXXXXXXXXXXXX XXXXXXXXOOOOOOOOOOOO XXXXXXXXXXXXXXXXXXXX 
P OOOOOOOOOOOOOOOOOOOO XXXXXXXXXXXXXXXXXXXX XXXXXXXXXXXXXXXXXXXX OOOOOOOOOOOOOOOOOOOO XXXXXXXOOOOOOOOOOOOO 
Q OOOOOOOOOOOOOOOOOOOO XXXXXXXXXXXXXXXXXXXX XXXXXXXXXXXXXXXXXXXX OOOOOOOOOOOOOOOOOOOO OOOOOOOOOOOOOOOOOOOO 
R OOOOOOOOOOOOOOOOOOOO XXXXXXXXXXXXXXXXXXXX XXXXXXXXXXXXXXXXXXXX OOOOOOOOOOOOOOOOOOOO OOOOOOOOOOOOOOOOOOOO 
S OOOOOOOOOOOOOOOOOOOO XXXXXXXXOOOOOOOOOOOO XXXXXXXXXXXXXXXXXXXX OOOOOOOOOOOOOOOOOOOO OOOOOOOOOOOOOOOOOOOO 
T OOOOOOOOOOOOOOOOOOOO OOOOOOOOOOOOOOOOOOOO XXXXXXXXXXXXXXXXXXXX OOOOOOOOOOOOOOOOOOOO OOOOOOOOOOOOOOOOOOOO 
U OOOOOOOOOOOOOOOOOOOO OOOOOOOOOOOOOOOOOOOO XXXXXXXXXXXXXXXXXXXX OOOOOOOOOOOOOOOOOOOO OOOOOOOOOOOOOOOOOOOO 
V OOOOOOOOOOOOOOOOOOOO OOOOOOOOOOOOOOOOOOOO XXXXXXXXXXXXXXXXXXXX OOOOOOOOOOOOOOOOOOOO OOOOOOOOOOOOOOOOOOOO 
W OOOOOOOOOOOOOOOOOOOO OOOOOOOOOOOOOOOOOOOO XXXXXXXXXXXXXXXXXXXX OOOOOOOOOOOOOOOOOOOO OOOOOOOOOOOOOOOOOOOO 
X OOOOOOOOOOOOOOOOOOOO OOOOOOOOOOOOOOOOOOOO XXXXXXXXXXOOOOOOOOOO OOOOOOOOOOOOOOOOOOOO OOOOOOOOOOOOOOOOOOOO 
Y OOOOOOOOOOOOOOOOOOOO OOOOOOOOOOOOOOOOOOOO OOOOOOOOOOOOOOOOOOOO OOOOOOOOOOOOOOOOOOOO OOOOOOOOOOOOOOOOOOOO 
Z OOOOOOOOOOOOOOOOOOOO OOOOOOOOOOOOOOOOOOOO OOOOOOOOOOOOOOOOOOOO OOOOOOOOOOOOOOOOOOOO OOOOOOOOOOOOOOOOOOOO 

Total tickets sold = 729
Total revenue = $180500

Here are the tickets you are receiving:
B 17 $200
B 18 $200
B 19 $200
C 0 $200
C 1 $200
C 2 $200
C 3 $200
C 4 $200
C 5 $200
C 6 $200
C 7 $200
C 8 $200
C 9 $200
C 10 $200
C 11 $200
C 12 $200
C 13 $200
C 14 $200
C 15 $200
C 16 $200
C 17 $200
C 18 $200
C 19 $200
D 0 $200
D 1 $200
D 2 $200
D 3 $200
D 4 $200
D 5 $200
D 6 $200
D 7 $200
D 8 $200
D 9 $200
D 10 $200
D 11 $200
D 12 $200
D 13 $200
D 14 $200
D 15 $200
D 16 $200
D 17 $200
D 18 $200
D 19 $200
E 0 $200
E 1 $200
E 2 $200
E 3 $200
E 4 $200
E 5 $200
E 6 $200
E 7 $200
E 8 $200
E 9 $200
E 10 $200
E 11 $200
E 12 $200
E 13 $200
E 14 $200
E 15 $200
E 16 $200
E 17 $200
E 18 $200
E 19 $200
F 0 $200
F 1 $200
F 2 $200
F 3 $200
F 4 $200
F 5 $200
F 6 $200
F 7 $200
F 8 $200
F 9 $200
F 10 $200
F 11 $200
F 12 $200
F 13 $200
F 14 $200
F 15 $200
F 16 $200
F 17 $200
F 18 $200
F 19 $200
G 0 $200
G 1 $200
G 2 $200
G 3 $200
G 4 $200
G 5 $200
G 6 $200
G 7 $200
G 8 $200
G 9 $200
G 10 $200
G 11 $200
G 12 $200
G 13 $200
G 14 $200
G 15 $200
G 16 $200
G 17 $200
G 18 $200
G 19 $200
H 0 $200
H 1 $200
H 2 $200
H 3 $200
H 4 $200
H 5 $200
H 6 $200
H 7 $200
H 8 $200
H 9 $200
H 10 $200
H 11 $200
H 12 $200
H 13 $200
H 14 $200
H 15 $200
H 16 $200
H 17 $200
H 18 $200
H 19 $200
I 0 $200
I 1 $200
I 2 $200
I 3 $200
I 4 $200
I 5 $200
I 6 $200
I 7 $200
I 8 $200
I 9 $200
I 10 $200
I 11 $200
I 12 $200
I 13 $200
I 14 $200
I 15 $200
I 16 $200
I 17 $200
I 18 $200
I 19 $200
J 0 $200
J 1 $200
J 2 $200
J 3 $200
J 4 $200
J 5 $200
J 6 $200
J 7 $200
J 8 $200
J 9 $200
J 10 $200
J 11 $200
J 12 $200
J 13 $200
J 14 $200
J 15 $200
J 16 $200
J 17 $200
J 18 $200
J 19 $200
K 0 $200
K 1 $200
K 2 $200
K 3 $200
K 4 $200
K 5 $200
K 6 $200
K 7 $200
K 8 $200
K 9 $200
K 10 $200
K 11 $200
K 12 $200
K 13 $200
K 14 $200
K 15 $200
K 16 $200
K 17 $200
K 18 $200
K 19 $200
L 0 $200
L 1 $200
L 2 $200
L 3 $200
L 4 $200
L 5 $200
L 6 $200
L 7 $200
L 8 $200
L 9 $200
L 10 $200
L 11 $200
L 12 $200
L 13 $200
L 14 $200
L 15 $200
L 16 $200
L 17 $200
L 18 $200
L 19 $200
M 0 $200
M 1 $200
M 2 $200
M 3 $200
M 4 $200
M 5 $200
M 6 $200
M 7 $200
M 8 $200
M 9 $200
M 10 $200
M 11 $200
M 12 $200
M 13 $200
M 14 $200
M 15 $200
M 16 $200
M 17 $200
M 18 $200
M 19 $200

Here are the tickets you are receiving:
A 55 $500
A 56 $500
A 57 $500
A 58 $500
A 59 $500
B 40 $500
B 41 $500
B 42 $500
B 43 $500
B 44 $500
B 45 $500
B 46 $500
B 47 $500
B 48 $500
B 49 $500
B 50 $500
B 51 $500
B 52 $500
B 53 $500
B 54 $500
B 55 $500
B 56 $500
B 57 $500
B 58 $500
B 59 $500
C 40 $500
C 41 $500
C 42 $500
C 43 $500
C 44 $500
C 45 $500
C 46 $500
C 47 $500
C 48 $500
C 49 $500
C 50 $500
C 51 $500
C 52 $500
C 53 $500
C 54 $500
C 55 $500
C 56 $500
C 57 $500
C 58 $500
C 59 $500
D 40 $500
D 41 $500
D 42 $500
D 43 $500
D 44 $500
D 45 $500
D 46 $500
D 47 $500
D 48 $500
D 49 $500
D 50 $500
D 51 $500
D 52 $500
D 53 $500
D 54 $500
D 55 $500
D 56 $500
D 57 $500
D 58 $500
D 59 $500
E 40 $500
E 41 $500
E 42 $500
E 43 $500
E 44 $500
E 45 $500
E 46 $500
E 47 $500
E 48 $500
E 49 $500
E 50 $500
E 51 $500
E 52 $500
E 53 $500
E 54 $500
E 55 $500
E 56 $500
E 57 $500
E 58 $500
E 59 $500
F 40 $500
F 41 $500
F 42 $500
F 43 $500
F 44 $500
F 45 $500
F 46 $500
F 47 $500
F 48 $500
F 49 $500
F 50 $500
F 51 $500
F 52 $500
F 53 $500
F 54 $500
F 55 $500
F 56 $500
F 57 $500
F 58 $500
F 59 $500
G 40 $500
G 41 $500
G 42 $500
G 43 $500
G 44 $500
G 45 $500
G 46 $500
G 47 $500
G 48 $500
G 49 $500
G 50 $500
G 51 $500
G 52 $500
G 53 $500
G 54 $500
G 55 $500
G 56 $500
G 57 $500
G 58 $500
G 59 $500
H 40 $500
H 41 $500
H 42 $500
H 43 $500
H 44 $500
H 45 $500
H 46 $500
H 47 $500
H 48 $500
H 49 $500
H 50 $500
H 51 $500
H 52 $500
H 53 $500
H 54 $500
H 55 $500
H 56 $500
H 57 $500
H 58 $500
H 59 $500
I 40 $500
I 41 $500
I 42 $500
I 43 $500
I 44 $500
I 45 $500
I 46 $500
I 47 $500
I 48 $500
I 49 $500
I 50 $500
I 51 $500
I 52 $500
I 53 $500
I 54 $500
I 55 $500
I 56 $500
I 57 $500
I 58 $500
I 59 $500
J 40 $500
J 41 $500
J 42 $500
J 43 $500
J 44 $500
J 45 $500
J 46 $500
J 47 $500
J 48 $500
J 49 $500
J 50 $500
J 51 $500
J 52 $500
J 53 $500
J 54 $500
J 55 $500
J 56 $500
J 57 $500
J 58 $500
J 59 $500
K 40 $500
K 41 $500
K 42 $500
K 43 $500
K 44 $500
K 45 $500
K 46 $500
K 47 $500
K 48 $500
K 49 $500
K 50 $500
K 51 $500
K 52 $500
K 53 $500
K 54 $500
K 55 $500
K 56 $500
K 57 $500
K 58 $500
K 59 $500
L 40 $500
L 41 $500
L 42 $500
L 43 $500
L 44 $500
L 45 $500
L 46 $500
L 47 $500
L 48 $500
L 49 $500
L 50 $500
L 51 $500
L 52 $500
L 53 $500
L 54 $500
L 55 $500
L 56 $500
L 57 $500
L 58 $500
L 59 $500
M 40 $500
M 41 $500
M 42 $500
M 43 $500
M 44 $500
M 45 $500
M 46 $500
M 47 $500
M 48 $500
M 49 $500
M 50 $500
M 51 $500
M 52 $500
M 53 $500
M 54 $500
M 55 $500
M 56 $500
M 57 $500
M 58 $500
M 59 $500

Here are the tickets you are receiving:
A 64 $350
A 65 $350
A 66 $350
A 67 $350
A 68 $350
A 69 $350
A 70 $350
A 71 $350
A 72 $350
A 73 $350
A 74 $350
A 75 $350
A 76 $350
A 77 $350
A 78 $350
A 79 $350
B 60 $350
B 61 $350
B 62 $350
B 63 $350
B 64 $350
B 65 $350
B 66 $350
B 67 $350
B 68 $350
B 69 $350
B 70 $350
B 71 $350
B 72 $350
B 73 $350
B 74 $350
B 75 $350
B 76 $350
B 77 $350
B 78 $350
B 79 $350
C 60 $350
C 61 $350
C 62 $350
C 63 $350
C 64 $350
C 65 $350
C 66 $350
C 67 $350
C 68 $350
C 69 $350
C 70 $350
C 71 $350
C 72 $350
C 73 $350
C 74 $350
C 75 $350
C 76 $350
C 77 $350
C 78 $350
C 79 $350
D 60 $350
D 61 $350
D 62 $350
D 63 $350
D 64 $350
D 65 $350
D 66 $350
D 67 $350
D 68 $350
D 69 $350
D 70 $350
D 71 $350
D 72 $350
D 73 $350
D 74 $350
D 75 $350
D 76 $350
D 77 $350
D 78 $350
D 79 $350
E 60 $350
E 61 $350
E 62 $350
E 63 $350
E 64 $350
E 65 $350
E 66 $350
E 67 $350
E 68 $350
E 69 $350
E 70 $350
E 71 $350
E 72 $350
E 73 $350
E 74 $350
E 75 $350
E 76 $350
E 77 $350
E 78 $350
E 79 $350
F 60 $350
F 61 $350
F 62 $350
F 63 $350
F 64 $350
F 65 $350
F 66 $350
F 67 $350
F 68 $350
F 69 $350
F 70 $350
F 71 $350
F 72 $350
F 73 $350
F 74 $350
F 75 $350
F 76 $350
F 77 $350
F 78 $350
F 79 $350
G 60 $350
G 61 $350
G 62 $350
G 63 $350
G 64 $350
G 65 $350
G 66 $350
G 67 $350
G 68 $350
G 69 $350
G 70 $350
G 71 $350

Total tickets sold = 1325
Total revenue = $392400

Here are the tickets you are receiving:
G 72 $350
G 73 $350
G 74 $350
G 75 $350
G 76 $350
G 77 $350
G 78 $350
G 79 $350
H 60 $350
H 61 $350
H 62 $350
H 63 $350
H 64 $350
H 65 $350
H 66 $350
H 67 $350
H 68 $350
H 69 $350
H 70 $350
H 71 $350
H 72 $350
H 73 $350
H 74 $350
H 75 $350
H 76 $350
H 77 $350
H 78 $350
H 79 $350
I 60 $350
I 61 $350
I 62 $350
I 63 $350
I 64 $350
I 65 $350
I 66 $350
I 67 $350
I 68 $350
I 69 $350
I 70 $350
I 71 $350
I 72 $350
I 73 $350
I 74 $350
I 75 $350
I 76 $350
I 77 $350
I 78 $350
I 79 $350
J 60 $350
J 61 $350
J 62 $350
J 63 $350
J 64 $350
J 65 $350
J 66 $350
J 67 $350
J 68 $350
J 69 $350
J 70 $350
J 71 $350
J 72 $350
J 73 $350
J 74 $350
J 75 $350
J 76 $350
J 77 $350
J 78 $350
J 79 $350
K 60 $350
K 61 $350
K 62 $350
K 63 $350
K 64 $350
K 65 $350
K 66 $350
K 67 $350
K 68 $350
K 69 $350
K 70 $350
K 71 $350
K 72 $350
K 73 $350
K 74 $350
K 75 $350
K 76 $350
K 77 $350
K 78 $350
K 79 $350
L 60 $350
L 61 $350
L 62 $350
L 63 $350
L 64 $350
L 65 $350
L 66 $350
L 67 $350
L 68 $350
L 69 $350
L 70 $350
L 71 $350
L 72 $350
L 73 $350
L 74 $350
L 75 $350
L 76 $350
L 77 $350
L 78 $350
L 79 $350
M 60 $350
M 61 $350
M 62 $350
M 63 $350
M 64 $350
M 65 $350
M 66 $350
M 67 $350
M 68 $350
M 69 $350
M 70 $350
M 71 $350
M 72 $350
M 73 $350
M 74 $350
M 75 $350
M 76 $350
M 77 $350
M 78 $350
M 79 $350

Here are the tickets you are receiving:
A 88 $250
A 89 $250
A 90 $250
A 91 $250
A 92 $250
A 93 $250
A 94 $250
A 95 $250
A 96 $250
A 97 $250
A 98 $250
A 99 $250
B 80 $250
B 81 $250
B 82 $250
B 83 $250
B 84 $250
B 85 $250
B 86 $250
B 87 $250
B 88 $250
B 89 $250
B 90 $250
B 91 $250
B 92 $250
B 93 $250
B 94 $250
B 95 $250
B 96 $250
B 97 $250
B 98 $250
B 99 $250
C 80 $250
C 81 $250
C 82 $250
C 83 $250
C 84 $250
C 85 $250
C 86 $250
C 87 $250
C 88 $250
C 89 $250
C 90 $250
C 91 $250
C 92 $250
C 93 $250
C 94 $250
C 95 $250
C 96 $250
C 97 $250
C 98 $250
C 99 $250
D 80 $250
D 81 $250
D 82 $250
D 83 $250
D 84 $250
D 85 $250
D 86 $250
D 87 $250
D 88 $250
D 89 $250
D 90 $250
D 91 $250
D 92 $250
D 93 $250
D 94 $250
D 95 $250
D 96 $250
D 97 $250
D 98 $250
D 99 $250
E 80 $250
E 81 $250
E 82 $250
E 83 $250
E 84 $250
E 85 $250
E 86 $250
E 87 $250
E 88 $250
E 89 $250
E 90 $250
E 91 $250
E 92 $250
E 93 $250
E 94 $250
E 95 $250
E 96 $250
E 97 $250
E 98 $250
E 99 $250
F 80 $250
F 81 $250
F 82 $250
F 83 $250
F 84 $250
F 85 $250
F 86 $250
F 87 $250
F 88 $250
F 89 $250
F 90 $250
F 91 $250
F 92 $250
F 93 $250
F 94 $250
F 95 $250
F 96 $250
F 97 $250
F 98 $250
F 99 $250
G 80 $250
G 81 $250
G 82 $250
G 83 $250
G 84 $250
G 85 $250
G 86 $250
G 87 $250
G 88 $250
G 89 $250
G 90 $250
G 91 $250
G 92 $250
G 93 $250
G 94 $250
G 95 $250
G 96 $250
G 97 $250
G 98 $250
G 99 $250
H 80 $250
H 81 $250
H 82 $250
H 83 $250
H 84 $250
H 85 $250
H 86 $250
H 87 $250
H 88 $250
H 89 $250
H 90 $250
H 91 $250
H 92 $250
H 93 $250
H 94 $250
H 95 $250
H 96 $250
H 97 $250
H 98 $250
H 99 $250
I 80 $250
I 81 $250
I 82 $250
I 83 $250
I 84 $250
I 85 $250
I 86 $250
I 87 $250
I 88 $250
I 89 $250
I 90 $250
I 91 $250
I 92 $250
I 93 $250
I 94 $250
I 95 $250
I 96 $250
I 97 $250
I 98 $250
I 99 $250
J 80 $250
J 81 $250
J 82 $250
J 83 $250
J 84 $250
J 85 $250
J 86 $250
J 87 $250
J 88 $250
J 89 $250
J 90 $250
J 91 $250
J 92 $250
J 93 $250
J 94 $250
J 95 $250
J 96 $250
J 97 $250
J 98 $250
J 99 $250
K 80 $250
K 81 $250
K 82 $250
K 83 $250
K 84 $250
K 85 $250
K 86 $250
K 87 $250
K 88 $250
K 89 $250
K 90 $250
K 91 $250
K 92 $250
K 93 $250
K 94 $250
K 95 $250
K 96 $250
K 97 $250
K 98 $250
K 99 $250
L 80 $250
L 81 $250
L 82 $250
L 83 $250
L 84 $250
L 85 $250
L 86 $250
L 87 $250
L 88 $250
L 89 $250
L 90 $250
L 91 $250
L 92 $250
L 93 $250
L 94 $250
L 95 $250
L 96 $250
L 97 $250
L 98 $250
L 99 $250
M 80 $250
M 81 $250
M 82 $250
M 83 $250
M 84 $250
M 85 $250
M 86 $250
M 87 $250
M 88 $250
M 89 $250
M 90 $250
M 91 $250
M 92 $250
M 93 $250
M 94 $250
M 95 $250
M 96 $250
M 97 $250
M 98 $250
M 99 $250

Here are the tickets you are receiving:
N 12 $100
N 13 $100
N 14 $100
N 15 $100
N 16 $100
N 17 $100
N 18 $100
N 19 $100
O 0 $100
O 1 $100
O 2 $100
O 3 $100
O 4 $100
O 5 $100
O 6 $100
O 7 $100
O 8 $100
O 9 $100
O 10 $100
O 11 $100
O 12 $100
O 13 $100
O 14 $100
O 15 $100
O 16 $100
O 17 $100
O 18 $100
O 19 $100
P 0 $100
P 1 $100
P 2 $100
P 3 $100
P 4 $100
P 5 $100
P 6 $100
P 7 $100
P 8 $100
P 9 $100
P 10 $100
P 11 $100
P 12 $100
P 13 $100
P 14 $100
P 15 $100
P 16 $100
P 17 $100
P 18 $100
P 19 $100
Q 0 $100
Q 1 $100
Q 2 $100
Q 3 $100
Q 4 $100
Q 5 $100
Q 6 $100
Q 7 $100
Q 8 $100
Q 9 $100
Q 10 $100
Q 11 $100
Q 12 $100
Q 13 $100
Q 14 $100
Q 15 $100
Q 16 $100
Q 17 $100
Q 18 $100
Q 19 $100
R 0 $100
R 1 $100
R 2 $100
R 3 $100
R 4 $100
R 5 $100
R 6 $100
R 7 $100
R 8 $100
R 9 $100
R 10 $100
R 11 $100
R 12 $100
R 13 $100
R 14 $100
R 15 $100
R 16 $100
R 17 $100
R 18 $100
R 19 $100
S 0 $100
S 1 $100
S 2 $100
S 3 $100
S 4 $100
S 5 $100
S 6 $100
S 7 $100
S 8 $100
S 9 $100
S 10 $100
S 11 $100
S 12 $100
S 13 $100
S 14 $100
S 15 $100
S 16 $100
S 17 $100
S 18 $100
S 19 $100
T 0 $100
T 1 $100
T 2 $100
T 3 $100
T 4 $100
T 5 $100
T 6 $100
T 7 $100
T 8 $100
T 9 $100
T 10 $100
T 11 $100
T 12 $100
T 13 $100
T 14 $100
T 15 $100
T 16 $100
T 17 $100
T 18 $100
T 19 $100
U 0 $100
U 1 $100
U 2 $100
U 3 $100
U 4 $100
U 5 $100
U 6 $100
U 7 $100
U 8 $100
U 9 $100
U 10 $100
U 11 $100
U 12 $100
U 13 $100
U 14 $100
U 15 $100
U 16 $100
U 17 $100
U 18 $100
U 19 $100
V 0 $100
V 1 $100
V 2 $100
V 3 $100
V 4 $100
V 5 $100
V 6 $100
V 7 $100
V 8 $100
V 9 $100
V 10 $100
V 11 $100
V 12 $100
V 13 $100
V 14 $100
V 15 $100
V 16 $100
V 17 $100
V 18 $100
V 19 $100
W 0 $100
W 1 $100
W 2 $100
W 3 $100
W 4 $100
W 5 $100
W 6 $100
W 7 $100
W 8 $100
W 9 $100
W 10 $100
W 11 $100
W 12 $100
W 13 $100
W 14 $100
W 15 $100
W 16 $100
W 17 $100
W 18 $100
W 19 $100
X 0 $100
X 1 $100
X 2 $100
X 3 $100
X 4 $100
X 5 $100
X 6 $100
X 7 $100
X 8 $100
X 9 $100
X 10 $100
X 11 $100
X 12 $100
X 13 $100
X 14 $100
X 15 $100
X 16 $100
X 17 $100
X 18 $100
X 19 $100
Y 0 $100
Y 1 $100
Y 2 $100
Y 3 $100
Y 4 $100
Y 5 $100
Y 6 $100
Y 7 $100
Y 8 $100
Y 9 $100
Y 10 $100
Y 11 $100
Y 12 $100
Y 13 $100
Y 14 $100
Y 15 $100
Y 16 $100
Y 17 $100
Y 18 $100
Y 19 $100
Z 0 $100
Z 1 $100
Z 2 $100
Z 3 $100
Z 4 $100
Z 5 $100
Z 6 $100
Z 7 $100
Z 8 $100
Z 9 $100
Z 10 $100
Z 11 $100
Z 12 $100
Z 13 $100
Z 14 $100
Z 15 $100
Z 16 $100
Z 17 $100
Z 18 $100
Z 19 $100

Here are the tickets you are receiving:
S 28 $200
S 29 $200
S 30 $200
S 31 $200
S 32 $200
S 33 $200
S 34 $200
S 35 $200
S 36 $200
S 37 $200
S 38 $200
S 39 $200
T 20 $200
T 21 $200
T 22 $200
T 23 $200
T 24 $200
T 25 $200
T 26 $200
T 27 $200
T 28 $200
T 29 $200
T 30 $200
T 31 $200
T 32 $200
T 33 $200
T 34 $200
T 35 $200
T 36 $200
T 37 $200
T 38 $200
T 39 $200
U 20 $200
U 21 $200
U 22 $200
U 23 $200
U 24 $200
U 25 $200
U 26 $200
U 27 $200
U 28 $200
U 29 $200
U 30 $200
U 31 $200
U 32 $200
U 33 $200
U 34 $200
U 35 $200
U 36 $200
U 37 $200
U 38 $200
U 39 $200
V 20 $200
V 21 $200
V 22 $200
V 23 $200
V 24 $200
V 25 $200
V 26 $200
V 27 $200
V 28 $200
V 29 $200
V 30 $200
V 31 $200
V 32 $200
V 33 $200
V 34 $200
V 35 $200
V 36 $200
V 37 $200
V 38 $200
V 39 $200
W 20 $200
W 21 $200
W 22 $200
W 23 $200
W 24 $200
W 25 $200
W 26 $200
W 27 $200
W 28 $200
W 29 $200
W 30 $200
W 31 $200
W 32 $200
W 33 $200
W 34 $200
W 35 $200
W 36 $200
W 37 $200
W 38 $200
W 39 $200
X 20 $200
X 21 $200
X 22 $200
X 23 $200
X 24 $200
X 25 $200
X 26 $200
X 27 $200
X 28 $200
X 29 $200
X 30 $200
X 31 $200
X 32 $200
X 33 $200
X 34 $200
X 35 $200
X 36 $200
X 37 $200
X 38 $200
X 39 $200
Y 20 $200
Y 21 $200
Y 22 $200
Y 23 $200
Y 24 $200
Y 25 $200
Y 26 $200
Y 27 $200
Y 28 $200
Y 29 $200
Y 30 $200
Y 31 $200
Y 32 $200
Y 33 $200
Y 34 $200
Y 35 $200
Y 36 $200
Y 37 $200
Y 38 $200
Y 39 $200
Z 20 $200
Z 21 $200
Z 22 $200
Z 23 $200
Z 24 $200
Z 25 $200
Z 26 $200
Z 27 $200
Z 28 $200
Z 29 $200
Z 30 $200
Z 31 $200
Z 32 $200
Z 33 $200
Z 34 $200
Z 35 $200
Z 36 $200
Z 37 $200
Z 38 $200
Z 39 $200

Total tickets sold = 2105
Total revenue = $555400

Here are the tickets you are receiving:
X 50 $250
X 51 $250
X 52 $250
X 53 $250
X 54 $250
X 55 $250
X 56 $250
X 57 $250
X 58 $250
X 59 $250
Y 40 $250
Y 41 $250
Y 42 $250
Y 43 $250
Y 44 $250
Y 45 $250
Y 46 $250
Y 47 $250
Y 48 $250
Y 49 $250
Y 50 $250
Y 51 $250
Y 52 $250
Y 53 $250
Y 54 $250
Y 55 $250
Y 56 $250
Y 57 $250
Y 58 $250
Y 59 $250
Z 40 $250
Z 41 $250
Z 42 $250
Z 43 $250
Z 44 $250
Z 45 $250
Z 46 $250
Z 47 $250
Z 48 $250
Z 49 $250
Z 50 $250
Z 51 $250
Z 52 $250
Z 53 $250
Z 54 $250
Z 55 $250
Z 56 $250
Z 57 $250
Z 58 $250
Z 59 $250

Here are the tickets you are receiving:
O 68 $150
O 69 $150
O 70 $150
O 71 $150
O 72 $150
O 73 $150
O 74 $150
O 75 $150
O 76 $150
O 77 $150
O 78 $150
O 79 $150
P 60 $150
P 61 $150
P 62 $150
P 63 $150
P 64 $150
P 65 $150
P 66 $150
P 67 $150
P 68 $150
P 69 $150
P 70 $150
P 71 $150
P 72 $150
P 73 $150
P 74 $150
P 75 $150
P 76 $150
P 77 $150
P 78 $150
P 79 $150
Q 60 $150
Q 61 $150
Q 62 $150
Q 63 $150
Q 64 $150
Q 65 $150
Q 66 $150
Q 67 $150
Q 68 $150
Q 69 $150
Q 70 $150
Q 71 $150
Q 72 $150
Q 73 $150
Q 74 $150
Q 75 $150
Q 76 $150
Q 77 $150
Q 78 $150
Q 79 $150
R 60 $150
R 61 $150
R 62 $150
R 63 $150
R 64 $150
R 65 $150
R 66 $150
R 67 $150
R 68 $150
R 69 $150
R 70 $150
R 71 $150
R 72 $150
R 73 $150
R 74 $150
R 75 $150
R 76 $150
R 77 $150
R 78 $150
R 79 $150
S 60 $150
S 61 $150
S 62 $150
S 63 $150
S 64 $150
S 65 $150
S 66 $150
S 67 $150
S 68 $150
S 69 $150
S 70 $150
S 71 $150
S 72 $150
S 73 $150
S 74 $150
S 75 $150
S 76 $150
S 77 $150
S 78 $150
S 79 $150
T 60 $150
T 61 $150
T 62 $150
T 63 $150
T 64 $150
T 65 $150
T 66 $150
T 67 $150
T 68 $150
T 69 $150
T 70 $150
T 71 $150
T 72 $150
T 73 $150
T 74 $150
T 75 $150
T 76 $150
T 77 $150
T 78 $150
T 79 $150
U 60 $150
U 61 $150
U 62 $150
U 63 $150
U 64 $150
U 65 $150
U 66 $150
U 67 $150
U 68 $150
U 69 $150
U 70 $150
U 71 $150
U 72 $150
U 73 $150
U 74 $150
U 75 $150
U 76 $150
U 77 $150
U 78 $150
U 79 $150
V 60 $150
V 61 $150
V 62 $150
V 63 $150
V 64 $150
V 65 $150
V 66 $150
V 67 $150
V 68 $150
V 69 $150
V 70 $150
V 71 $150
V 72 $150
V 73 $150
V 74 $150
V 75 $150
V 76 $150
V 77 $150
V 78 $150
V 79 $150
W 60 $150
W 61 $150
W 62 $150
W 63 $150
W 64 $150
W 65 $150
W 66 $150
W 67 $150
W 68 $150
W 69 $150
W 70 $150
W 71 $150
W 72 $150
W 73 $150
W 74 $150
W 75 $150
W 76 $150
W 77 $150
W 78 $150
W 79 $150
X 60 $150
X 61 $150
X 62 $150
X 63 $150
X 64 $150
X 65 $150
X 66 $150
X 67 $150
X 68 $150
X 69 $150
X 70 $150
X 71 $150
X 72 $150
X 73 $150
X 74 $150
X 75 $150
X 76 $150
X 77 $150
X 78 $150
X 79 $150
Y 60 $150
Y 61 $150
Y 62 $150
Y 63 $150
Y 64 $150
Y 65 $150
Y 66 $150
Y 67 $150
Y 68 $150
Y 69 $150
Y 70 $150
Y 71 $150
Y 72 $150
Y 73 $150
Y 74 $150
Y 75 $150
Y 76 $150
Y 77 $150
Y 78 $150
Y 79 $150
Z 60 $150
Z 61 $150
Z 62 $150
Z 63 $150
Z 64 $150
Z 65 $150
Z 66 $150
Z 67 $150
Z 68 $150
Z 69 $150
Z 70 $150
Z 71 $150
Z 72 $150
Z 73 $150
Z 74 $150
Z 75 $150
Z 76 $150
Z 77 $150
Z 78 $150
Z 79 $150

Here are the tickets you are receiving:
P 87 $100
P 88 $100
P 89 $100
P 90 $100
P 91 $100
P 92 $100
P 93 $100
P 94 $100
P 95 $100
P 96 $100
P 97 $100
P 98 $100
P 99 $100
Q 80 $100
Q 81 $100
Q 82 $100
Q 83 $100
Q 84 $100
Q 85 $100
Q 86 $100
Q 87 $100
Q 88 $100
Q 89 $100
Q 90 $100
Q 91 $100
Q 92 $100
Q 93 $100
Q 94 $100
Q 95 $100
Q 96 $100
Q 97 $100
Q 98 $100
Q 99 $100
R 80 $100
R 81 $100
R 82 $100
R 83 $100
R 84 $100
R 85 $100
R 86 $100
R 87 $100
R 88 $100
R 89 $100
R 90 $100
R 91 $100
R 92 $100
R 93 $100
R 94 $100
R 95 $100
R 96 $100
R 97 $100
R 98 $100
R 99 $100
S 80 $100
S 81 $100
S 82 $100
S 83 $100
S 84 $100
S 85 $100
S 86 $100
S 87 $100
S 88 $100
S 89 $100
S 90 $100
S 91 $100
S 92 $100
S 93 $100
S 94 $100
S 95 $100
S 96 $100
S 97 $100
S 98 $100
S 99 $100
T 80 $100
T 81 $100
T 82 $100
T 83 $100
T 84 $100
T 85 $100
T 86 $100
T 87 $100
T 88 $100
T 89 $100
T 90 $100
T 91 $100
T 92 $100
T 93 $100
T 94 $100
T 95 $100
T 96 $100
T 97 $100
T 98 $100
T 99 $100
U 80 $100
U 81 $100
U 82 $100
U 83 $100
U 84 $100
U 85 $100
U 86 $100
U 87 $100
U 88 $100
U 89 $100
U 90 $100
U 91 $100
U 92 $100
U 93 $100
U 94 $100
U 95 $100
U 96 $100
U 97 $100
U 98 $100
U 99 $100
V 80 $100
V 81 $100
V 82 $100
V 83 $100
V 84 $100
V 85 $100
V 86 $100
V 87 $100
V 88 $100
V 89 $100
V 90 $100
V 91 $100
V 92 $100
V 93 $100
V 94 $100
V 95 $100
V 96 $100
V 97 $100
V 98 $100
V 99 $100
W 80 $100
W 81 $100
W 82 $100
W 83 $100
W 84 $100
W 85 $100
W 86 $100
W 87 $100
W 88 $100
W 89 $100
W 90 $100
W 91 $100
W 92 $100
W 93 $100
W 94 $100
W 95 $100
W 96 $100
W 97 $100
W 98 $100
W 99 $100
X 80 $100
X 81 $100
X 82 $100
X 83 $100
X 84 $100
X 85 $100
X 86 $100
X 87 $100
X 88 $100
X 89 $100
X 90 $100
X 91 $100
X 92 $100
X 93 $100
X 94 $100
X 95 $100
X 96 $100
X 97 $100
X 98 $100
X 99 $100
Y 80 $100
Y 81 $100
Y 82 $100
Y 83 $100
Y 84 $100
Y 85 $100
Y 86 $100
Y 87 $100
Y 88 $100
Y 89 $100
Y 90 $100
Y 91 $100
Y 92 $100
Y 93 $100
Y 94 $100
Y 95 $100
Y 96 $100
Y 97 $100
Y 98 $100
Y 99 $100
Z 80 $100
Z 81 $100
Z 82 $100
Z 83 $100
Z 84 $100
Z 85 $100
Z 86 $100
Z 87 $100
Z 88 $100
Z 89 $100
Z 90 $100
Z 91 $100
Z 92 $100
Z 93 $100
Z 94 $100
Z 95 $100
Z 96 $100
Z 97 $100
Z 98 $100
Z 99 $100

Here is the current seating chart:

  01234567890123456789 01234567890123456789 01234567890123456789 01234567890123456789 01234567890123456789 
A XXXXXXXXXXXXXXXXXXXX XXXXXXXXXXXXXXXXXXXX XXXXXXXXXXXXXXXXXXXX XXXXXXXXXXXXXXXXXXXX XXXXXXXXXXXXXXXXXXXX 
B XXXXXXXXXXXXXXXXXXXX XXXXXXXXXXXXXXXXXXXX XXXXXXXXXXXXXXXXXXXX XXXXXXXXXXXXXXXXXXXX XXXXXXXXXXXXXXXXXXXX 
C XXXXXXXXXXXXXXXXXXXX XXXXXXXXXXXXXXXXXXXX XXXXXXXXXXXXXXXXXXXX XXXXXXXXXXXXXXXXXXXX XXXXXXXXXXXXXXXXXXXX 
D XXXXXXXXXXXXXXXXXXXX XXXXXXXXXXXXXXXXXXXX XXXXXXXXXXXXXXXXXXXX XXXXXXXXXXXXXXXXXXXX XXXXXXXXXXXXXXXXXXXX 
E XXXXXXXXXXXXXXXXXXXX XXXXXXXXXXXXXXXXXXXX XXXXXXXXXXXXXXXXXXXX XXXXXXXXXXXXXXXXXXXX XXXXXXXXXXXXXXXXXXXX 
F XXXXXXXXXXXXXXXXXXXX XXXXXXXXXXXXXXXXXXXX XXXXXXXXXXXXXXXXXXXX XXXXXXXXXXXXXXXXXXXX XXXXXXXXXXXXXXXXXXXX 
G XXXXXXXXXXXXXXXXXXXX XXXXXXXXXXXXXXXXXXXX XXXXXXXXXXXXXXXXXXXX XXXXXXXXXXXXXXXXXXXX XXXXXXXXXXXXXXXXXXXX 
H XXXXXXXXXXXXXXXXXXXX XXXXXXXXXXXXXXXXXXXX XXXXXXXXXXXXXXXXXXXX XXXXXXXXXXXXXXXXXXXX XXXXXXXXXXXXXXXXXXXX 
I XXXXXXXXXXXXXXXXXXXX XXXXXXXXXXXXXXXXXXXX XXXXXXXXXXXXXXXXXXXX XXXXXXXXXXXXXXXXXXXX XXXXXXXXXXXXXXXXXXXX 
J XXXXXXXXXXXXXXXXXXXX XXXXXXXXXXXXXXXXXXXX XXXXXXXXXXXXXXXXXXXX XXXXXXXXXXXXXXXXXXXX XXXXXXXXXXXXXXXXXXXX 
K XXXXXXXXXXXXXXXXXXXX XXXXXXXXXXXXXXXXXXXX XXXXXXXXXXXXXXXXXXXX XXXXXXXXXXXXXXXXXXXX XXXXXXXXXXXXXXXXXXXX 
L XXXXXXXXXXXXXXXXXXXX XXXXXXXXXXXXXXXXXXXX XXXXXXXXXXXXXXXXXXXX XXXXXXXXXXXXXXXXXXXX XXXXXXXXXXXXXXXXXXXX 
M XXXXXXXXXXXXXXXXXXXX XXXXXXXXXXXXXXXXXXXX XXXXXXXXXXXXXXXXXXXX XXXXXXXXXXXXXXXXXXXX XXXXXXXXXXXXXXXXXXXX 

N XXXXXXXXXXXXXXXXXXXX XXXXXXXXXXXXXXXXXXXX XXXXXXXXXXXXXXXXXXXX XXXXXXXXXXXXXXXXXXXX XXXXXXXXXXXXXXXXXXXX 
O XXXXXXXXXXXXXXXXXXXX XXXXXXXXXXXXXXXXXXXX XXXXXXXXXXXXXXXXXXXX XXXXXXXXXXXXXXXXXXXX XXXXXXXXXXXXXXXXXXXX 
P XXXXXXXXXXXXXXXXXXXX XXXXXXXXXXXXXXXXXXXX XXXXXXXXXXXXXXXXXXXX XXXXXXXXXXXXXXXXXXXX XXXXXXXXXXXXXXXXXXXX 
Q XXXXXXXXXXXXXXXXXXXX XXXXXXXXXXXXXXXXXXXX XXXXXXXXXXXXXXXXXXXX XXXXXXXXXXXXXXXXXXXX XXXXXXXXXXXXXXXXXXXX 
R XXXXXXXXXXXXXXXXXXXX XXXXXXXXXXXXXXXXXXXX XXXXXXXXXXXXXXXXXXXX XXXXXXXXXXXXXXXXXXXX XXXXXXXXXXXXXXXXXXXX 
S XXXXXXXXXXXXXXXXXXXX XXXXXXXXXXXXXXXXXXXX XXXXXXXXXXXXXXXXXXXX XXXXXXXXXXXXXXXXXXXX XXXXXXXXXXXXXXXXXXXX 
T XXXXXXXXXXXXXXXXXXXX XXXXXXXXXXXXXXXXXXXX XXXXXXXXXXXXXXXXXXXX XXXXXXXXXXXXXXXXXXXX XXXXXXXXXXXXXXXXXXXX 
U XXXXXXXXXXXXXXXXXXXX XXXXXXXXXXXXXXXXXXXX XXXXXXXXXXXXXXXXXXXX XXXXXXXXXXXXXXXXXXXX XXXXXXXXXXXXXXXXXXXX 
V XXXXXXXXXXXXXXXXXXXX XXXXXXXXXXXXXXXXXXXX XXXXXXXXXXXXXXXXXXXX XXXXXXXXXXXXXXXXXXXX XXXXXXXXXXXXXXXXXXXX 
W XXXXXXXXXXXXXXXXXXXX XXXXXXXXXXXXXXXXXXXX XXXXXXXXXXXXXXXXXXXX XXXXXXXXXXXXXXXXXXXX XXXXXXXXXXXXXXXXXXXX 
X XXXXXXXXXXXXXXXXXXXX XXXXXXXXXXXXXXXXXXXX XXXXXXXXXXXXXXXXXXXX XXXXXXXXXXXXXXXXXXXX XXXXXXXXXXXXXXXXXXXX 
Y XXXXXXXXXXXXXXXXXXXX XXXXXXXXXXXXXXXXXXXX XXXXXXXXXXXXXXXXXXXX XXXXXXXXXXXXXXXXXXXX XXXXXXXXXXXXXXXXXXXX 
Z XXXXXXXXXXXXXXXXXXXX XXXXXXXXXXXXXXXXXXXX XXXXXXXXXXXXXXXXXXXX XXXXXXXXXXXXXXXXXXXX XXXXXXXXXXXXXXXXXXXX 

Total tickets sold = 2600
Total revenue = $624000

Sorry the transaction couldn't be made.
Not enough available seats.

Sorry the transaction couldn't be made.
Not enough available seats.

Thank you for using Ticketing System V2
Total tickets sold = 2600
Total revenue = $624000
Here is the current seating chart:

  01234567890123456789 01234567890123456789 01234567890123456789 01234567890123456789 01234567890123456789 
A XXXXXXXXXXXXXXXXXXXX XXXXXXXXXXXXXXXXXXXX XXXXXXXXXXXXXXXXXXXX XXXXXXXXXXXXXXXXXXXX XXXXXXXXXXXXXXXXXXXX 
B XXXXXXXXXXXXXXXXXXXX XXXXXXXXXXXXXXXXXXXX XXXXXXXXXXXXXXXXXXXX XXXXXXXXXXXXXXXXXXXX XXXXXXXXXXXXXXXXXXXX 
C XXXXXXXXXXXXXXXXXXXX XXXXXXXXXXXXXXXXXXXX XXXXXXXXXXXXXXXXXXXX XXXXXXXXXXXXXXXXXXXX XXXXXXXXXXXXXXXXXXXX 
D XXXXXXXXXXXXXXXXXXXX XXXXXXXXXXXXXXXXXXXX XXXXXXXXXXXXXXXXXXXX XXXXXXXXXXXXXXXXXXXX XXXXXXXXXXXXXXXXXXXX 
E XXXXXXXXXXXXXXXXXXXX XXXXXXXXXXXXXXXXXXXX XXXXXXXXXXXXXXXXXXXX XXXXXXXXXXXXXXXXXXXX XXXXXXXXXXXXXXXXXXXX 
F XXXXXXXXXXXXXXXXXXXX XXXXXXXXXXXXXXXXXXXX XXXXXXXXXXXXXXXXXXXX XXXXXXXXXXXXXXXXXXXX XXXXXXXXXXXXXXXXXXXX 
G XXXXXXXXXXXXXXXXXXXX XXXXXXXXXXXXXXXXXXXX XXXXXXXXXXXXXXXXXXXX XXXXXXXXXXXXXXXXXXXX XXXXXXXXXXXXXXXXXXXX 
H XXXXXXXXXXXXXXXXXXXX XXXXXXXXXXXXXXXXXXXX XXXXXXXXXXXXXXXXXXXX XXXXXXXXXXXXXXXXXXXX XXXXXXXXXXXXXXXXXXXX 
I XXXXXXXXXXXXXXXXXXXX XXXXXXXXXXXXXXXXXXXX XXXXXXXXXXXXXXXXXXXX XXXXXXXXXXXXXXXXXXXX XXXXXXXXXXXXXXXXXXXX 
J XXXXXXXXXXXXXXXXXXXX XXXXXXXXXXXXXXXXXXXX XXXXXXXXXXXXXXXXXXXX XXXXXXXXXXXXXXXXXXXX XXXXXXXXXXXXXXXXXXXX 
K XXXXXXXXXXXXXXXXXXXX XXXXXXXXXXXXXXXXXXXX XXXXXXXXXXXXXXXXXXXX XXXXXXXXXXXXXXXXXXXX XXXXXXXXXXXXXXXXXXXX 
L XXXXXXXXXXXXXXXXXXXX XXXXXXXXXXXXXXXXXXXX XXXXXXXXXXXXXXXXXXXX XXXXXXXXXXXXXXXXXXXX XXXXXXXXXXXXXXXXXXXX 
M XXXXXXXXXXXXXXXXXXXX XXXXXXXXXXXXXXXXXXXX XXXXXXXXXXXXXXXXXXXX XXXXXXXXXXXXXXXXXXXX XXXXXXXXXXXXXXXXXXXX 

N XXXXXXXXXXXXXXXXXXXX XXXXXXXXXXXXXXXXXXXX XXXXXXXXXXXXXXXXXXXX XXXXXXXXXXXXXXXXXXXX XXXXXXXXXXXXXXXXXXXX 
O XXXXXXXXXXXXXXXXXXXX XXXXXXXXXXXXXXXXXXXX XXXXXXXXXXXXXXXXXXXX XXXXXXXXXXXXXXXXXXXX XXXXXXXXXXXXXXXXXXXX 
P XXXXXXXXXXXXXXXXXXXX XXXXXXXXXXXXXXXXXXXX XXXXXXXXXXXXXXXXXXXX XXXXXXXXXXXXXXXXXXXX XXXXXXXXXXXXXXXXXXXX 
Q XXXXXXXXXXXXXXXXXXXX XXXXXXXXXXXXXXXXXXXX XXXXXXXXXXXXXXXXXXXX XXXXXXXXXXXXXXXXXXXX XXXXXXXXXXXXXXXXXXXX 
R XXXXXXXXXXXXXXXXXXXX XXXXXXXXXXXXXXXXXXXX XXXXXXXXXXXXXXXXXXXX XXXXXXXXXXXXXXXXXXXX XXXXXXXXXXXXXXXXXXXX 
S XXXXXXXXXXXXXXXXXXXX XXXXXXXXXXXXXXXXXXXX XXXXXXXXXXXXXXXXXXXX XXXXXXXXXXXXXXXXXXXX XXXXXXXXXXXXXXXXXXXX 
T XXXXXXXXXXXXXXXXXXXX XXXXXXXXXXXXXXXXXXXX XXXXXXXXXXXXXXXXXXXX XXXXXXXXXXXXXXXXXXXX XXXXXXXXXXXXXXXXXXXX 
U XXXXXXXXXXXXXXXXXXXX XXXXXXXXXXXXXXXXXXXX XXXXXXXXXXXXXXXXXXXX XXXXXXXXXXXXXXXXXXXX XXXXXXXXXXXXXXXXXXXX 
V XXXXXXXXXXXXXXXXXXXX XXXXXXXXXXXXXXXXXXXX XXXXXXXXXXXXXXXXXXXX XXXXXXXXXXXXXXXXXXXX XXXXXXXXXXXXXXXXXXXX 
W XXXXXXXXXXXXXXXXXXXX XXXXXXXXXXXXXXXXXXXX XXXXXXXXXXXXXXXXXXXX XXXXXXXXXXXXXXXXXXXX XXXXXXXXXXXXXXXXXXXX 
X XXXXXXXXXXXXXXXXXXXX XXXXXXXXXXXXXXXXXXXX XXXXXXXXXXXXXXXXXXXX XXXXXXXXXXXXXXXXXXXX XXXXXXXXXXXXXXXXXXXX 
Y XXXXXXXXXXXXXXXXXXXX XXXXXXXXXXXXXXXXXXXX XXXXXXXXXXXXXXXXXXXX XXXXXXXXXXXXXXXXXXXX XXXXXXXXXXXXXXXXXXXX 
Z XXXXXXXXXXXXXXXXXXXX XXXXXXXXXXXXXXXXXXXX XXXXXXXXXXXXXXXXXXXX XXXXXXXXXXXXXXXXXXXX XXXXXXXXXXXXXXXXXXXX 
